ERROR: string-literal in controlling expression
ERROR: string-literal in controlling expression
ERROR: string-literal in controlling expression
ERROR: string-literal in controlling expression
ERROR: string-literal in controlling expression
ERROR: string-literal in controlling expression
